---
source: tui/src/bottom_pane/list_selection_view.rs
assertion_line: 1583
expression: render_lines(&view)
---
                                                
  Select Approval Mode                          
  Switch between Codez approval presets         
                                                
› 1. Read Only (current)  Codez can read files  
  2. Full Access          Codez can edit files  
                                                
  Press enter to confirm or esc to go back
