---
source: tui/src/chatwidget/tests/exec_flow.rs
assertion_line: 1292
expression: contents
---


  Would you like to make the following edits?

  Reason: The model wants to apply changes

› 1. Yes, proceed (y)
  2. Yes, and don't ask again for these files (a)
  3. No, and tell Codez what to do differently (esc)

  Press enter to confirm or esc to cancel
