---
source: tui/src/chatwidget/tests/status_and_layout.rs
assertion_line: 2096
expression: normalized_backend_snapshot(terminal.backend())
---
"                                                                                "
"• Analyzing (0s • esc to interrupt)                                             "
"                                                                                "
"                                                                                "
"› Ask Codez to do anything                                                      "
"                                                                                "
"  gpt-5.6-sol default · /tmp/project                                            "
