---
source: tui/src/chatwidget/tests/status_and_layout.rs
assertion_line: 2887
expression: normalized_backend_snapshot(terminal.backend())
---
"                                                                                "
"                                                                                "
"› Ask Codez to do anything                                                      "
"                                                                                "
"  gpt-5.4                                            Pursuing goal (40K / 50K)  "
