---
source: tui/src/chatwidget/tests/status_and_layout.rs
assertion_line: 2744
expression: normalized_backend_snapshot(terminal.backend())
---
"                                                                                "
"                                                                                "
"› Ask Codez to do anything                                                      "
"                                                                                "
"  gpt-5.2 medium                                Plan mode (shift+tab to cycle)  "
